PS C:\Users\PC\Desktop\Moya> git status

Changes not staged for commit:
  (use "git add <file>..." to update what will be committed)
  (use "git restore <file>..." to discard changes in working directory)
        modified:   style.css

no changes added to commit (use "git add" and/or "git commit -a")
Reinitialized existing Git repository in C:/Users/PC/Desktop/Moya/.git/
PS C:\Users\PC\Desktop\Moya> git add .
On branch version-2
Your branch is up to date with 'origin/version-2'.

Changes to be committed:
  (use "git restore --staged <file>..." to unstage)
        modified:   style.css

PS C:\Users\PC\Desktop\Moya> git commit -m "modified file"
[version-2 c728d3f] modified file
 1 file changed, 8 insertions(+)
PS C:\Users\PC\Desktop\Moya> git push -u origin version-2
Enumerating objects: 5, done.
Counting objects: 100% (5/5), done.
Delta compression using up to 4 threads
Compressing objects: 100% (3/3), done.
Writing objects: 100% (3/3), 308 bytes | 154.00 KiB/s, done.
Total 3 (delta 1), reused 0 (delta 0), pack-reused 0
remote: Resolving deltas: 100% (1/1), completed with 1 local object.
To https://github.com/Gabobe15/moya.git
   6a55633..c728d3f  version-2 -> version-2
branch 'version-2' set up to track 'origin/version-2'.
PS C:\Users\PC\Desktop\Moya>  git checkout master
Switched to branch 'master'
Your branch is ahead of 'origin/master' by 1 commit.
PS C:\Users\PC\Desktop\Moya>  git checkout version-2
Your branch is up to date with 'origin/version-2'.
PS C:\Users\PC\Desktop\Moya> git branch
  master
* version-2
PS C:\Users\PC\Desktop\Moya> git checkout -b version-3
Switched to a new branch 'version-3'
PS C:\Users\PC\Desktop\Moya> git init
On branch version-3
Changes not staged for commit:
  (use "git add <file>..." to update what will be committed)
  (use "git restore <file>..." to discard changes in working directory)
        modified:   style.css

no changes added to commit (use "git add" and/or "git commit -a")
PS C:\Users\PC\Desktop\Moya> git add .
PS C:\Users\PC\Desktop\Moya> git commit -m "version three"
[version-3 d824034] version three
 1 file changed, 2 insertions(+), 2 deletions(-)
PS C:\Users\PC\Desktop\Moya> git push -u origin version-3  
Enumerating objects: 5, done.
Counting objects: 100% (5/5), done.
Delta compression using up to 4 threads
Compressing objects: 100% (3/3), done.
Writing objects: 100% (3/3), 324 bytes | 324.00 KiB/s, done.
Total 3 (delta 1), reused 0 (delta 0), pack-reused 0        
remote: Create a pull request for 'version-3' on GitHub by visiting:
remote:      https://github.com/Gabobe15/moya/pull/new/version-3
remote:
To https://github.com/Gabobe15/moya.git
 * [new branch]      version-3 -> version-3
branch 'version-3' set up to track 'origin/version-3'.
PS C:\Users\PC\Desktop\Moya> git add .
On branch version-3

Changes to be committed:
        modified:   style.css

PS C:\Users\PC\Desktop\Moya> git commit -m
error: switch `m' requires a value
PS C:\Users\PC\Desktop\Moya> git commit -m "version three"
[version-3 f283d9f] version three
 1 file changed, 5 insertions(+), 1 deletion(-)
PS C:\Users\PC\Desktop\Moya> git push -u origin version-3
Enumerating objects: 5, done.
Counting objects: 100% (5/5), done.
Compressing objects: 100% (3/3), done.
Writing objects: 100% (3/3), 352 bytes | 352.00 KiB/s, done.
remote: Resolving deltas: 100% (1/1), completed with 1 local object.
To https://github.com/Gabobe15/moya.git
   d824034..f283d9f  version-3 -> version-3
PS C:\Users\PC\Desktop\Moya> git checkout version-2
Switched to branch 'version-2'
PS C:\Users\PC\Desktop\Moya> git checkout master
Switched to branch 'master'
Your branch is ahead of 'origin/master' by 1 commit.
  (use "git push" to publish your local commits)
PS C:\Users\PC\Desktop\Moya> git checkout version-2
Switched to branch 'version-2'
Your branch is up to date with 'origin/version-2'.
PS C:\Users\PC\Desktop\Moya> git checkout version-3
Switched to branch 'version-3'
Your branch is up to date with 'origin/version-3'.